SELECT 1, 2, 3;
 ?column? | ?column? | ?column? 
----------+----------+----------
        1 |        2 |        3
(1 row)

